Category: 📺央视频道, Name: CCTV-2, Total: 8, Valid: 8, Valid Percent: 100.00%, Whitelist: 0, IPv4: 8, IPv6: 0, Min Delay: 377 ms, Max Speed: 7.86 M/s, Avg Speed: 6.47 M/s, Max Resolution: 1280x720
Category: 📺央视频道, Name: CCTV-3, Total: 8, Valid: 8, Valid Percent: 100.00%, Whitelist: 0, IPv4: 8, IPv6: 0, Min Delay: 356 ms, Max Speed: 6.03 M/s, Avg Speed: 3.18 M/s, Max Resolution: 1920x1080
Category: 📺央视频道, Name: CCTV-4, Total: 9, Valid: 9, Valid Percent: 100.00%, Whitelist: 0, IPv4: 7, IPv6: 2, Min Delay: 356 ms, Max Speed: 7.86 M/s, Avg Speed: 3.93 M/s, Max Resolution: 1920x1080
Category: 📺央视频道, Name: CCTV-5, Total: 14, Valid: 12, Valid Percent: 85.71%, Whitelist: 0, IPv4: 12, IPv6: 2, Min Delay: 356 ms, Max Speed: 7.86 M/s, Avg Speed: 4.07 M/s, Max Resolution: 1920x1080
Category: 📺央视频道, Name: CCTV-5+, Total: 6, Valid: 6, Valid Percent: 100.00%, Whitelist: 0, IPv4: 6, IPv6: 0, Min Delay: 458 ms, Max Speed: 6.43 M/s, Avg Speed: 4.59 M/s, Max Resolution: 1920x1080
Category: 📺央视频道, Name: CCTV-6, Total: 10, Valid: 10, Valid Percent: 100.00%, Whitelist: 0, IPv4: 10, IPv6: 0, Min Delay: 356 ms, Max Speed: 7.86 M/s, Avg Speed: 3.79 M/s, Max Resolution: 1920x1080
Category: 📺央视频道, Name: CCTV-7, Total: 11, Valid: 11, Valid Percent: 100.00%, Whitelist: 0, IPv4: 11, IPv6: 0, Min Delay: 356 ms, Max Speed: 8.86 M/s, Avg Speed: 5.06 M/s, Max Resolution: 1920x1080
Category: 📺央视频道, Name: CCTV-8, Total: 14, Valid: 14, Valid Percent: 100.00%, Whitelist: 0, IPv4: 14, IPv6: 0, Min Delay: 349 ms, Max Speed: 8.86 M/s, Avg Speed: 3.97 M/s, Max Resolution: 1920x1080
Category: 📺央视频道, Name: CCTV-9, Total: 20, Valid: 20, Valid Percent: 100.00%, Whitelist: 0, IPv4: 20, IPv6: 0, Min Delay: 66 ms, Max Speed: 73.34 M/s, Avg Speed: 10.40 M/s, Max Resolution: 1920x1080
Category: 📺央视频道, Name: CCTV-10, Total: 18, Valid: 18, Valid Percent: 100.00%, Whitelist: 0, IPv4: 18, IPv6: 0, Min Delay: 66 ms, Max Speed: 73.34 M/s, Avg Speed: 6.85 M/s, Max Resolution: 1920x1080
Category: 📺央视频道, Name: CCTV-11, Total: 14, Valid: 14, Valid Percent: 100.00%, Whitelist: 0, IPv4: 14, IPv6: 0, Min Delay: 66 ms, Max Speed: 73.34 M/s, Avg Speed: 9.08 M/s, Max Resolution: 1920x1080
Category: 📺央视频道, Name: CCTV-12, Total: 14, Valid: 14, Valid Percent: 100.00%, Whitelist: 0, IPv4: 14, IPv6: 0, Min Delay: 66 ms, Max Speed: 73.34 M/s, Avg Speed: 9.08 M/s, Max Resolution: 1920x1080
Category: 📺央视频道, Name: CCTV-13, Total: 16, Valid: 16, Valid Percent: 100.00%, Whitelist: 0, IPv4: 12, IPv6: 4, Min Delay: 66 ms, Max Speed: 73.34 M/s, Avg Speed: 7.41 M/s, Max Resolution: 1920x1080
Category: 📺央视频道, Name: CCTV-14, Total: 15, Valid: 15, Valid Percent: 100.00%, Whitelist: 0, IPv4: 14, IPv6: 1, Min Delay: 66 ms, Max Speed: 73.34 M/s, Avg Speed: 8.52 M/s, Max Resolution: 1920x1080
Category: 📺央视频道, Name: CCTV-15, Total: 16, Valid: 16, Valid Percent: 100.00%, Whitelist: 0, IPv4: 16, IPv6: 0, Min Delay: 66 ms, Max Speed: 73.34 M/s, Avg Speed: 7.98 M/s, Max Resolution: 1920x1080
Category: 📺央视频道, Name: CCTV-16, Total: 13, Valid: 13, Valid Percent: 100.00%, Whitelist: 0, IPv4: 13, IPv6: 0, Min Delay: 66 ms, Max Speed: 73.34 M/s, Avg Speed: 10.24 M/s, Max Resolution: 1920x1080
Category: 📺央视频道, Name: CCTV-17, Total: 13, Valid: 13, Valid Percent: 100.00%, Whitelist: 0, IPv4: 13, IPv6: 0, Min Delay: 66 ms, Max Speed: 73.34 M/s, Avg Speed: 9.78 M/s, Max Resolution: 1920x1080
Category: 📡卫视频道, Name: 广东卫视, Total: 9, Valid: 9, Valid Percent: 100.00%, Whitelist: 0, IPv4: 9, IPv6: 0, Min Delay: 66 ms, Max Speed: 73.34 M/s, Avg Speed: 12.85 M/s, Max Resolution: 1920x1080
Category: 📡卫视频道, Name: 浙江卫视, Total: 10, Valid: 10, Valid Percent: 100.00%, Whitelist: 0, IPv4: 8, IPv6: 2, Min Delay: 66 ms, Max Speed: 73.34 M/s, Avg Speed: 11.62 M/s, Max Resolution: 1920x1080
Category: 📡卫视频道, Name: 湖南卫视, Total: 14, Valid: 14, Valid Percent: 100.00%, Whitelist: 0, IPv4: 14, IPv6: 0, Min Delay: 66 ms, Max Speed: 73.34 M/s, Avg Speed: 9.08 M/s, Max Resolution: 3840x2160
Category: 📡卫视频道, Name: 北京卫视, Total: 12, Valid: 12, Valid Percent: 100.00%, Whitelist: 0, IPv4: 12, IPv6: 0, Min Delay: 17 ms, Max Speed: 73.34 M/s, Avg Speed: 10.79 M/s, Max Resolution: 1920x1080
Category: 📡卫视频道, Name: 湖北卫视, Total: 10, Valid: 10, Valid Percent: 100.00%, Whitelist: 0, IPv4: 10, IPv6: 0, Min Delay: 17 ms, Max Speed: 73.34 M/s, Avg Speed: 11.23 M/s, Max Resolution: 1920x1080
Category: 📡卫视频道, Name: 黑龙江卫视, Total: 10, Valid: 10, Valid Percent: 100.00%, Whitelist: 0, IPv4: 10, IPv6: 0, Min Delay: 17 ms, Max Speed: 73.34 M/s, Avg Speed: 11.23 M/s, Max Resolution: 1920x1080
Category: 📡卫视频道, Name: 安徽卫视, Total: 11, Valid: 11, Valid Percent: 100.00%, Whitelist: 0, IPv4: 11, IPv6: 0, Min Delay: 66 ms, Max Speed: 73.34 M/s, Avg Speed: 10.94 M/s, Max Resolution: 1920x1080
Category: 📡卫视频道, Name: 重庆卫视, Total: 10, Valid: 10, Valid Percent: 100.00%, Whitelist: 0, IPv4: 10, IPv6: 0, Min Delay: 17 ms, Max Speed: 73.34 M/s, Avg Speed: 11.23 M/s, Max Resolution: 1920x1080
Category: 📡卫视频道, Name: 东方卫视, Total: 10, Valid: 10, Valid Percent: 100.00%, Whitelist: 0, IPv4: 10, IPv6: 0, Min Delay: 66 ms, Max Speed: 73.34 M/s, Avg Speed: 11.78 M/s, Max Resolution: 1920x1080
Category: 📡卫视频道, Name: 东南卫视, Total: 10, Valid: 10, Valid Percent: 100.00%, Whitelist: 0, IPv4: 10, IPv6: 0, Min Delay: 66 ms, Max Speed: 73.34 M/s, Avg Speed: 10.45 M/s, Max Resolution: 1920x1080
Category: 📡卫视频道, Name: 甘肃卫视, Total: 5, Valid: 5, Valid Percent: 100.00%, Whitelist: 0, IPv4: 5, IPv6: 0, Min Delay: 66 ms, Max Speed: 73.34 M/s, Avg Speed: 17.78 M/s, Max Resolution: 1920x1080
Category: 📡卫视频道, Name: 广西卫视, Total: 8, Valid: 7, Valid Percent: 87.50%, Whitelist: 0, IPv4: 8, IPv6: 0, Min Delay: 66 ms, Max Speed: 73.34 M/s, Avg Speed: 14.53 M/s, Max Resolution: 1920x1080
Category: 📡卫视频道, Name: 贵州卫视, Total: 10, Valid: 10, Valid Percent: 100.00%, Whitelist: 0, IPv4: 10, IPv6: 0, Min Delay: 66 ms, Max Speed: 73.34 M/s, Avg Speed: 10.67 M/s, Max Resolution: 1920x1080
Category: 📡卫视频道, Name: 海南卫视, Total: 6, Valid: 6, Valid Percent: 100.00%, Whitelist: 0, IPv4: 6, IPv6: 0, Min Delay: 17 ms, Max Speed: 73.34 M/s, Avg Speed: 14.74 M/s, Max Resolution: 1920x1080
Category: 📡卫视频道, Name: 河北卫视, Total: 12, Valid: 12, Valid Percent: 100.00%, Whitelist: 0, IPv4: 12, IPv6: 0, Min Delay: 17 ms, Max Speed: 73.34 M/s, Avg Speed: 9.88 M/s, Max Resolution: 1920x1080
Category: 📡卫视频道, Name: 河南卫视, Total: 11, Valid: 11, Valid Percent: 100.00%, Whitelist: 0, IPv4: 11, IPv6: 0, Min Delay: 66 ms, Max Speed: 73.34 M/s, Avg Speed: 10.94 M/s, Max Resolution: 1920x1080
Category: 📡卫视频道, Name: 吉林卫视, Total: 9, Valid: 9, Valid Percent: 100.00%, Whitelist: 0, IPv4: 9, IPv6: 0, Min Delay: 66 ms, Max Speed: 73.34 M/s, Avg Speed: 11.82 M/s, Max Resolution: 1920x1080
Category: 📡卫视频道, Name: 江苏卫视, Total: 11, Valid: 11, Valid Percent: 100.00%, Whitelist: 0, IPv4: 11, IPv6: 0, Min Delay: 66 ms, Max Speed: 73.34 M/s, Avg Speed: 10.74 M/s, Max Resolution: 1920x1080
Category: 📡卫视频道, Name: 江西卫视, Total: 10, Valid: 10, Valid Percent: 100.00%, Whitelist: 0, IPv4: 10, IPv6: 0, Min Delay: 17 ms, Max Speed: 73.34 M/s, Avg Speed: 11.23 M/s, Max Resolution: 1920x1080
Category: 📡卫视频道, Name: 辽宁卫视, Total: 9, Valid: 9, Valid Percent: 100.00%, Whitelist: 0, IPv4: 9, IPv6: 0, Min Delay: 66 ms, Max Speed: 73.34 M/s, Avg Speed: 11.82 M/s, Max Resolution: 1920x1080
Category: 📡卫视频道, Name: 内蒙古卫视, Total: 12, Valid: 12, Valid Percent: 100.00%, Whitelist: 0, IPv4: 10, IPv6: 2, Min Delay: 17 ms, Max Speed: 73.34 M/s, Avg Speed: 9.40 M/s, Max Resolution: 1920x1080
Category: 📡卫视频道, Name: 宁夏卫视, Total: 7, Valid: 7, Valid Percent: 100.00%, Whitelist: 0, IPv4: 7, IPv6: 0, Min Delay: 66 ms, Max Speed: 73.34 M/s, Avg Speed: 14.88 M/s, Max Resolution: 1920x1080
Category: 📡卫视频道, Name: 青海卫视, Total: 11, Valid: 11, Valid Percent: 100.00%, Whitelist: 0, IPv4: 9, IPv6: 2, Min Delay: 17 ms, Max Speed: 73.34 M/s, Avg Speed: 10.45 M/s, Max Resolution: 1920x1080
Category: 📡卫视频道, Name: 山东卫视, Total: 11, Valid: 11, Valid Percent: 100.00%, Whitelist: 0, IPv4: 11, IPv6: 0, Min Delay: 66 ms, Max Speed: 73.34 M/s, Avg Speed: 10.25 M/s, Max Resolution: 1920x1080
Category: 📡卫视频道, Name: 山西卫视, Total: 8, Valid: 8, Valid Percent: 100.00%, Whitelist: 0, IPv4: 8, IPv6: 0, Min Delay: 17 ms, Max Speed: 73.34 M/s, Avg Speed: 13.75 M/s, Max Resolution: 1920x1080
Category: 📡卫视频道, Name: 陕西卫视, Total: 9, Valid: 9, Valid Percent: 100.00%, Whitelist: 0, IPv4: 9, IPv6: 0, Min Delay: 17 ms, Max Speed: 73.34 M/s, Avg Speed: 12.47 M/s, Max Resolution: 1920x1080
Category: 📡卫视频道, Name: 四川卫视, Total: 16, Valid: 16, Valid Percent: 100.00%, Whitelist: 0, IPv4: 16, IPv6: 0, Min Delay: 17 ms, Max Speed: 73.34 M/s, Avg Speed: 7.12 M/s, Max Resolution: 1920x1080
Category: 📡卫视频道, Name: 深圳卫视, Total: 12, Valid: 12, Valid Percent: 100.00%, Whitelist: 0, IPv4: 12, IPv6: 0, Min Delay: 66 ms, Max Speed: 73.34 M/s, Avg Speed: 10.07 M/s, Max Resolution: 1920x1080
Category: 📡卫视频道, Name: 三沙卫视, Total: 6, Valid: 6, Valid Percent: 100.00%, Whitelist: 0, IPv4: 6, IPv6: 0, Min Delay: 66 ms, Max Speed: 73.34 M/s, Avg Speed: 16.95 M/s, Max Resolution: 1920x1080
Category: 📡卫视频道, Name: 天津卫视, Total: 10, Valid: 10, Valid Percent: 100.00%, Whitelist: 0, IPv4: 10, IPv6: 0, Min Delay: 66 ms, Max Speed: 73.34 M/s, Avg Speed: 11.04 M/s, Max Resolution: 1920x1080
Category: 📡卫视频道, Name: 西藏卫视, Total: 10, Valid: 10, Valid Percent: 100.00%, Whitelist: 0, IPv4: 8, IPv6: 2, Min Delay: 17 ms, Max Speed: 73.34 M/s, Avg Speed: 10.60 M/s, Max Resolution: 1920x1080
Category: 📡卫视频道, Name: 新疆卫视, Total: 13, Valid: 13, Valid Percent: 100.00%, Whitelist: 0, IPv4: 12, IPv6: 1, Min Delay: 17 ms, Max Speed: 73.34 M/s, Avg Speed: 8.69 M/s, Max Resolution: 1920x1080
Category: 📡卫视频道, Name: 云南卫视, Total: 14, Valid: 14, Valid Percent: 100.00%, Whitelist: 0, IPv4: 13, IPv6: 1, Min Delay: 66 ms, Max Speed: 73.34 M/s, Avg Speed: 7.72 M/s, Max Resolution: 1920x1080
